// Jest Snapshot v1, https://goo.gl/fbAQLP

exports[`Content Types New Should render correctly 1`] = `
<DocumentFragment>
  <div
    class="add-new-content-type-card"
  >
    <p
      class="add-new-content-type-card-text"
    >
      New Types+
    </p>
  </div>
</DocumentFragment>
`;
